// Jest Snapshot v1, https://goo.gl/fbAQLP

exports[`<Popup /> 1`] = `ShallowWrapper {}`;
