// Jest Snapshot v1, https://goo.gl/fbAQLP

exports[`<LoginTypeSelector /> 1`] = `ShallowWrapper {}`;

exports[`<LoginTypeSelector value=totp /> 1`] = `ShallowWrapper {}`;
