// Jest Snapshot v1, https://goo.gl/fbAQLP

exports[`<MenuButton /> 1`] = `
"<button class=\\"menu-button \\">
  <p>icon</p>
</button>"
`;
