// Jest Snapshot v1, https://goo.gl/fbAQLP

exports[`<SearchBar isLoading=true /> 1`] = `
"<section class=\\"search-bar\\">
  <form class=\\"search-form\\"><input placeholder=\\"Search\\" title=\\"Search\\" aria-label=\\"Search Text\\" class=\\"search-bar-input\\" type=\\"search\\" value=\\"foo\\"><button class=\\"menu-button search-button loading\\" type=\\"submit\\" aria-label=\\"Search Submit\\" title=\\"Search\\"><svg width=\\"40\\" height=\\"40\\" version=\\"1.1\\" viewBox=\\"0 0 10.583 10.583\\" xmlns=\\"http://www.w3.org/2000/svg\\">
        <path d=\\"m7.1231.39901a3.0579 3.0579 0 00-3.0546 3.0579 3.0579 3.0579 0 00.56619 1.7722 3.0579 3.0579 0 000 .0004778l-4.2357 4.2352.71957.71956 4.2352-4.2352a3.0579 3.0579 0 001.7726.56571 3.0579 3.0579 0 003.0579-3.0579 3.0579 3.0579 0 00-3.0579-3.0579 3.0579 3.0579 0 00-.00334 0zm-.029146.89635a2.1616 2.1616 0 01.03249 0 2.1616 2.1616 0 012.1616 2.1616 2.1616 2.1616 0 01-2.1616 2.1616 2.1616 2.1616 0 01-2.1616-2.1616 2.1616 2.1616 0 012.1291-2.1616z\\"></path>
      </svg></button></form>
</section>"
`;
