// Jest Snapshot v1, https://goo.gl/fbAQLP

exports[`<Logo /> 1`] = `"<img src=\\"test-file-stub\\" alt=\\"StoredSafe\\" class=\\"logo\\">"`;
