// Jest Snapshot v1, https://goo.gl/fbAQLP

exports[`<Select /> 1`] = `ShallowWrapper {}`;
