// Jest Snapshot v1, https://goo.gl/fbAQLP

exports[`<Input /> 1`] = `ShallowWrapper {}`;

exports[`<Input number />, NaN 1`] = `ShallowWrapper {}`;

exports[`<Input password /> 1`] = `ShallowWrapper {}`;
