// Jest Snapshot v1, https://goo.gl/fbAQLP

exports[`<TextArea /> 1`] = `ShallowWrapper {}`;
