// Jest Snapshot v1, https://goo.gl/fbAQLP

exports[`<CustomError /> 1`] = `ShallowWrapper {}`;
