// Jest Snapshot v1, https://goo.gl/fbAQLP

exports[`<Banner /> 1`] = `ReactWrapper {}`;
