// Jest Snapshot v1, https://goo.gl/fbAQLP

exports[`<LoadingComponent /> 1`] = `ShallowWrapper {}`;
