// Jest Snapshot v1, https://goo.gl/fbAQLP

exports[`<MenuButton /> 1`] = `ShallowWrapper {}`;

exports[`<MenuButton selected=false /> 1`] = `ShallowWrapper {}`;

exports[`<MenuButton selected=true /> 1`] = `ShallowWrapper {}`;
