// Jest Snapshot v1, https://goo.gl/fbAQLP

exports[`<Select /> 1`] = `
"<div class=\\"select\\">
  <div class=\\"custom-select\\"><select name=\\"test-name\\" id=\\"test-id\\">
      <option value=\\"foo\\">Foo</option>
      <option value=\\"bar\\">Bar</option>
    </select></div>
</div>"
`;
