// Jest Snapshot v1, https://goo.gl/fbAQLP

exports[`<Card /> 1`] = `ShallowWrapper {}`;

exports[`<Card children /> 1`] = `ShallowWrapper {}`;
