// Jest Snapshot v1, https://goo.gl/fbAQLP

exports[`<Logo /> 1`] = `ShallowWrapper {}`;
