// Jest Snapshot v1, https://goo.gl/fbAQLP

exports[`<Auth /> 1`] = `ShallowWrapper {}`;
