// Jest Snapshot v1, https://goo.gl/fbAQLP

exports[`rendering <LogoutForm /> 1`] = `ShallowWrapper {}`;
