// Jest Snapshot v1, https://goo.gl/fbAQLP

exports[`<SiteSelector /> 1`] = `ShallowWrapper {}`;
